// Jest Snapshot v1, https://goo.gl/fbAQLP

exports[`getApiStrings Saga should call the stringFailed action if the response errors 1`] = `
Object {
  "@@redux-saga/IO": true,
  "combinator": false,
  "payload": Object {
    "args": Array [],
    "context": null,
    "fn": [Function],
  },
  "type": "CALL",
}
`;

exports[`getApiStrings Saga should call the stringFailed action if the response errors 2`] = `
Object {
  "@@redux-saga/IO": true,
  "combinator": false,
  "payload": Object {
    "action": Object {
      "strings": Array [
        "one",
        "two",
        "three",
      ],
      "type": "word-dmi/Home/LOAD_STRINGS_SUCCESS",
    },
    "channel": undefined,
  },
  "type": "PUT",
}
`;
